sh is available!
Container runtime check passed!
At least one of podman/docker/nerdctl is available.
sh is available!
Container runtime check passed!
At least one of podman/docker/nerdctl is available.
sh is available!
Container runtime check passed!
At least one of podman/docker/nerdctl is available.
sh is available!
Container runtime check passed!
At least one of podman/docker/nerdctl is available.
All tool dependencies satisfied!
  - sh is available
  - Either cat or type is available
