README.md exists!
A README file exists (one of: README.md, README, readme.md)
README.md exists!
A README file exists (one of: README.md, README, readme.md)
README.md exists!
A README file exists (one of: README.md, README, readme.md)
README.md exists!
A README file exists (one of: README.md, README, readme.md)
Permission checks passed!
  - Current directory is writable
  - README.md is readable
